// Jest Snapshot v1, https://goo.gl/fbAQLP

exports[`Pruebas en <Search /> should de mostrarse correctamente con valores por defecto 1`] = `
<div>
  <h1>
    Search
  </h1>
  <hr />
  <div
    class="row"
  >
    <div
      class="col-5"
    >
      <h4>
        BÃºsqueda
      </h4>
      <hr />
      <form
        aria-label="form"
      >
        <input
          autocomplete="off"
          class="form-control p-3"
          name="searchText"
          placeholder="Ingresa el heroe..."
          type="text"
          value=""
        />
        <button
          class="mt-3 btn btn-success"
        >
          Buscar
        </button>
      </form>
    </div>
    <div
      class="col-7"
    >
      <h4>
        Resultado
      </h4>
      <hr />
      <div
        class="alert alert-success"
      >
        Busca tu Heroe
      </div>
    </div>
  </div>
</div>
`;
