// Jest Snapshot v1, https://goo.gl/fbAQLP

exports[`testing al componente <todoApp /> should match to snapshot 1`] = `
<div>
  <div>
    <h1>
      todo App: 
      2
       - 
      <small>
        pendientes: 
        1
      </small>
    </h1>
    <hr />
    <div
      class="row"
    >
      <div
        class="col-7"
      >
        <div>
          <ul
            class="list-group"
          >
            <li
              class="list-group-item d-flex justify-content-between"
            >
              <span
                aria-label="span"
                class="align-self-center "
              >
                Todo num1
              </span>
              <button
                class="btn btn-danger"
              >
                Borrar
              </button>
            </li>
            <li
              class="list-group-item d-flex justify-content-between"
            >
              <span
                aria-label="span"
                class="align-self-center text-decoration-line-through"
              >
                Todo num2
              </span>
              <button
                class="btn btn-danger"
              >
                Borrar
              </button>
            </li>
          </ul>
        </div>
      </div>
      <div
        class="col-5"
      >
        <h4>
          Agregar TODO
        </h4>
        <hr />
        <form>
          <input
            class="form-control"
            id="description"
            placeholder="Â¿Que tarea por hacer?"
            type="text"
            value=""
          />
          <button
            class="btn btn-primary mt-1"
            type="submit"
          >
            Agregar
          </button>
        </form>
      </div>
    </div>
  </div>
</div>
`;
