// Jest Snapshot v1, https://goo.gl/fbAQLP

exports[`testing en el componente <MainApp /> should match to snapshot navBar 1`] = `
<div>
  <nav
    class="navbar navbar-expand-lg navbar-dark bg-dark rounded-3"
  >
    <div
      class="container-fluid"
    >
      <a
        class="navbar-brand"
        href="/"
      >
        UseContext
      </a>
      <div
        class="collapse navbar-collapse"
        id="navbarNav"
      >
        <ul
          class="navbar-nav"
        >
          <a
            aria-current="page"
            class="nav-link active"
            href="/"
          >
            Home
          </a>
          <a
            class="nav-link "
            href="/about"
          >
            About
          </a>
          <a
            class="nav-link "
            href="/login"
          >
            Login
          </a>
        </ul>
      </div>
    </div>
  </nav>
</div>
`;
