// Jest Snapshot v1, https://goo.gl/fbAQLP

exports[`test on <GifItem /> should match to Snapshot 1`] = `
<div>
  <div
    class="card"
  >
    <img
      alt="Rugrats"
      src="https://rugrats.com/carlitos.jpg"
    />
    <p>
      Rugrats
    </p>
  </div>
</div>
`;
